---------------------------------------------------------------------------------------------------------------
      name:  <unnamed>
       log:  C:\Users\lauri\Documents\stata\novaprt1.log
  log type:  text
 opened on:   9 Apr 2025, 18:59:27

. use "C:\Users\lauri\Downloads\Aula 1 - banco (1).dta"

. describe

Contains data from C:\Users\lauri\Downloads\Aula 1 - banco (1).dta
 Observations:            20                  
    Variables:            11                  24 Feb 2015 16:34
---------------------------------------------------------------------------------------------------------------
Variable      Storage   Display    Value
    name         type    format    label      Variable label
---------------------------------------------------------------------------------------------------------------
numero          int     %8.0g                 numero do questionario
aparto          byte    %8.0g      aparto     parto unico ou gemelar
apartip         byte    %8.0g      apartip    tipo de parto
aaltmae         float   %9.0g                 altura da mae
anumfilh        byte    %8.0g                 numero de filhos
afumou          byte    %8.0g      afumou     fumou na gravidez
abebalc         byte    %8.0g      abebalc    bebida da alcool na gravidez
sexonovo        byte    %8.0g      sexonovo   sexo do recem-nascido - arrumada em dezembro de 2005
apesorn         int     %8.0g                 peso ao nascer
aig             float   %9.0g                 idade gestacional dubowitz(semana)
aescmae         byte    %8.0g                 escolaridade materna em anos
---------------------------------------------------------------------------------------------------------------
Sorted by: numero

. codebook

---------------------------------------------------------------------------------------------------------------
numero                                                                                   numero do questionario
---------------------------------------------------------------------------------------------------------------

                  Type: Numeric (int)

                 Range: [1267,1293]                   Units: 1
         Unique values: 20                        Missing .: 0/20

                  Mean: 1277.75
             Std. dev.: 7.74512

           Percentiles:     10%       25%       50%       75%       90%
                         1268.5    1271.5    1276.5      1283      1290

---------------------------------------------------------------------------------------------------------------
aparto                                                                                   parto unico ou gemelar
---------------------------------------------------------------------------------------------------------------

                  Type: Numeric (byte)
                 Label: aparto

                 Range: [1,1]                         Units: 1
         Unique values: 1                         Missing .: 0/20

            Tabulation: Freq.   Numeric  Label
                           20         1  unico

---------------------------------------------------------------------------------------------------------------
apartip                                                                                           tipo de parto
---------------------------------------------------------------------------------------------------------------

                  Type: Numeric (byte)
                 Label: apartip

                 Range: [1,2]                         Units: 1
         Unique values: 2                         Missing .: 0/20

            Tabulation: Freq.   Numeric  Label
                           13         1  normal
                            7         2  cesariana

---------------------------------------------------------------------------------------------------------------
aaltmae                                                                                           altura da mae
---------------------------------------------------------------------------------------------------------------

                  Type: Numeric (float)

                 Range: [151,175]                     Units: 1
         Unique values: 13                        Missing .: 1/20

                  Mean: 160.368
             Std. dev.: 6.43955

           Percentiles:     10%       25%       50%       75%       90%
                            151       155       160       165       171

---------------------------------------------------------------------------------------------------------------
anumfilh                                                                                       numero de filhos
---------------------------------------------------------------------------------------------------------------

                  Type: Numeric (byte)

                 Range: [0,3]                         Units: 1
         Unique values: 4                         Missing .: 7/20

            Tabulation: Freq.  Value
                            1  0
                            8  1
                            3  2
                            1  3
                            7  .

---------------------------------------------------------------------------------------------------------------
afumou                                                                                        fumou na gravidez
---------------------------------------------------------------------------------------------------------------

                  Type: Numeric (byte)
                 Label: afumou

                 Range: [0,1]                         Units: 1
         Unique values: 2                         Missing .: 0/20

            Tabulation: Freq.   Numeric  Label
                           15         0  nao
                            5         1  sim

---------------------------------------------------------------------------------------------------------------
abebalc                                                                            bebida da alcool na gravidez
---------------------------------------------------------------------------------------------------------------

                  Type: Numeric (byte)
                 Label: abebalc

                 Range: [1,2]                         Units: 1
         Unique values: 2                         Missing .: 0/20

            Tabulation: Freq.   Numeric  Label
                            1         1  sim
                           19         2  nao

---------------------------------------------------------------------------------------------------------------
sexonovo                                                  sexo do recem-nascido - arrumada em dezembro de 2005 
---------------------------------------------------------------------------------------------------------------

                  Type: Numeric (byte)
                 Label: sexonovo

                 Range: [1,2]                         Units: 1
         Unique values: 2                         Missing .: 0/20

            Tabulation: Freq.   Numeric  Label
                           10         1  masculino
                           10         2  feminino

---------------------------------------------------------------------------------------------------------------
apesorn                                                                                          peso ao nascer
---------------------------------------------------------------------------------------------------------------

                  Type: Numeric (int)

                 Range: [1980,4650]                   Units: 10
         Unique values: 20                        Missing .: 0/20

                  Mean:  3009.5
             Std. dev.: 696.823

           Percentiles:     10%       25%       50%       75%       90%
                           2080      2525      2940      3440      3925

---------------------------------------------------------------------------------------------------------------
aig                                                                          idade gestacional dubowitz(semana)
---------------------------------------------------------------------------------------------------------------

                  Type: Numeric (float)

                 Range: [33.842,40.7112]              Units: .0001
         Unique values: 13                        Missing .: 0/20

                  Mean:  38.122
             Std. dev.: 1.86542

           Percentiles:     10%       25%       50%       75%       90%
                        34.6346   37.6729   38.5976   39.2581   40.1828

---------------------------------------------------------------------------------------------------------------
aescmae                                                                            escolaridade materna em anos
---------------------------------------------------------------------------------------------------------------

                  Type: Numeric (byte)

                 Range: [2,11]                        Units: 1
         Unique values: 8                         Missing .: 0/20

            Tabulation: Freq.  Value
                            3  2
                            1  3
                            5  4
                            5  5
                            2  6
                            2  8
                            1  9
                            1  11

. codebook aparto

---------------------------------------------------------------------------------------------------------------
aparto                                                                                   parto unico ou gemelar
---------------------------------------------------------------------------------------------------------------

                  Type: Numeric (byte)
                 Label: aparto

                 Range: [1,1]                         Units: 1
         Unique values: 1                         Missing .: 0/20

            Tabulation: Freq.   Numeric  Label
                           20         1  unico

. codebook aaltmae

---------------------------------------------------------------------------------------------------------------
aaltmae                                                                                           altura da mae
---------------------------------------------------------------------------------------------------------------

                  Type: Numeric (float)

                 Range: [151,175]                     Units: 1
         Unique values: 13                        Missing .: 1/20

                  Mean: 160.368
             Std. dev.: 6.43955

           Percentiles:     10%       25%       50%       75%       90%
                            151       155       160       165       171

. describe numero

Variable      Storage   Display    Value
    name         type    format    label      Variable label
---------------------------------------------------------------------------------------------------------------
numero          int     %8.0g                 numero do questionario

. lookfor mae

Variable      Storage   Display    Value
    name         type    format    label      Variable label
---------------------------------------------------------------------------------------------------------------
aaltmae         float   %9.0g                 altura da mae
aescmae         byte    %8.0g                 escolaridade materna em anos

. tab aig

      idade |
gestacional |
dubowitz(se |
      mana) |      Freq.     Percent        Cum.
------------+-----------------------------------
     33.842 |          1        5.00        5.00
    34.1062 |          1        5.00       10.00
     35.163 |          1        5.00       15.00
    37.2766 |          1        5.00       20.00
    37.5408 |          1        5.00       25.00
     37.805 |          3       15.00       40.00
    38.3334 |          1        5.00       45.00
    38.5976 |          2       10.00       55.00
    38.8618 |          3       15.00       70.00
     39.126 |          1        5.00       75.00
    39.3902 |          2       10.00       85.00
    40.1828 |          2       10.00       95.00
    40.7112 |          1        5.00      100.00
------------+-----------------------------------
      Total |         20      100.00

. tab apartip

    tipo de |
      parto |      Freq.     Percent        Cum.
------------+-----------------------------------
     normal |         13       65.00       65.00
  cesariana |          7       35.00      100.00
------------+-----------------------------------
      Total |         20      100.00

. lookfor normal

. help lookfor

. lookfor "normal"

. lookfor mae

Variable      Storage   Display    Value
    name         type    format    label      Variable label
---------------------------------------------------------------------------------------------------------------
aaltmae         float   %9.0g                 altura da mae
aescmae         byte    %8.0g                 escolaridade materna em anos

. help lookfor

. r()
command r is unrecognized
r(199);

. r(mae)
command r is unrecognized
r(199);

. r(varlist)
command r is unrecognized
r(199);

. lookfor fumo mae

Variable      Storage   Display    Value
    name         type    format    label      Variable label
---------------------------------------------------------------------------------------------------------------
aaltmae         float   %9.0g                 altura da mae
afumou          byte    %8.0g      afumou     fumou na gravidez
aescmae         byte    %8.0g                 escolaridade materna em anos

. br

. lookfor masculino

. br

. br

. lookfor unico

Variable      Storage   Display    Value
    name         type    format    label      Variable label
---------------------------------------------------------------------------------------------------------------
aparto          byte    %8.0g      aparto     parto unico ou gemelar

. list aparto

     +--------+
     | aparto |
     |--------|
  1. |  unico |
  2. |  unico |
  3. |  unico |
  4. |  unico |
  5. |  unico |
     |--------|
  6. |  unico |
  7. |  unico |
  8. |  unico |
  9. |  unico |
 10. |  unico |
     |--------|
 11. |  unico |
 12. |  unico |
 13. |  unico |
 14. |  unico |
 15. |  unico |
     |--------|
 16. |  unico |
 17. |  unico |
 18. |  unico |
 19. |  unico |
 20. |  unico |
     +--------+

. list aparto apartip

     +-------------------+
     | aparto    apartip |
     |-------------------|
  1. |  unico   cesarian |
  2. |  unico     normal |
  3. |  unico   cesarian |
  4. |  unico   cesarian |
  5. |  unico     normal |
     |-------------------|
  6. |  unico   cesarian |
  7. |  unico   cesarian |
  8. |  unico   cesarian |
  9. |  unico   cesarian |
 10. |  unico     normal |
     |-------------------|
 11. |  unico     normal |
 12. |  unico     normal |
 13. |  unico     normal |
 14. |  unico     normal |
 15. |  unico     normal |
     |-------------------|
 16. |  unico     normal |
 17. |  unico     normal |
 18. |  unico     normal |
 19. |  unico     normal |
 20. |  unico     normal |
     +-------------------+

. help list

. flist aparto

     +----------+
     |   aparto |
     |----------|
  1. |    unico |
  2. |    unico |
  3. |    unico |
  4. |    unico |
  5. |    unico |
     |----------|
  6. |    unico |
  7. |    unico |
  8. |    unico |
  9. |    unico |
 10. |    unico |
     |----------|
 11. |    unico |
 12. |    unico |
 13. |    unico |
 14. |    unico |
 15. |    unico |
     |----------|
 16. |    unico |
 17. |    unico |
 18. |    unico |
 19. |    unico |
 20. |    unico |
     +----------+

. list aparto

     +--------+
     | aparto |
     |--------|
  1. |  unico |
  2. |  unico |
  3. |  unico |
  4. |  unico |
  5. |  unico |
     |--------|
  6. |  unico |
  7. |  unico |
  8. |  unico |
  9. |  unico |
 10. |  unico |
     |--------|
 11. |  unico |
 12. |  unico |
 13. |  unico |
 14. |  unico |
 15. |  unico |
     |--------|
 16. |  unico |
 17. |  unico |
 18. |  unico |
 19. |  unico |
 20. |  unico |
     +--------+

. list aparto if apartip == unico
unico not found
r(111);

. list aparto if apartip == "unico"
type mismatch
r(109);

. br

. list aparto if apartip ==1

     +--------+
     | aparto |
     |--------|
  2. |  unico |
  5. |  unico |
 10. |  unico |
 11. |  unico |
 12. |  unico |
     |--------|
 13. |  unico |
 14. |  unico |
 15. |  unico |
 16. |  unico |
 17. |  unico |
     |--------|
 18. |  unico |
 19. |  unico |
 20. |  unico |
     +--------+

. list aparto, sepby(afumou)

     +--------+
     | aparto |
     |--------|
  1. |  unico |
  2. |  unico |
  3. |  unico |
  4. |  unico |
  5. |  unico |
  6. |  unico |
     |--------|
  7. |  unico |
  8. |  unico |
     |--------|
  9. |  unico |
 10. |  unico |
 11. |  unico |
     |--------|
 12. |  unico |
     |--------|
 13. |  unico |
 14. |  unico |
     |--------|
 15. |  unico |
     |--------|
 16. |  unico |
 17. |  unico |
 18. |  unico |
 19. |  unico |
     |--------|
 20. |  unico |
     +--------+

. list

     +---------------------------------------------------------------------------------------------------+
  1. | numero | aparto |  apartip | aaltmae | anumfilh | afumou | abebalc | sexonovo | apesorn |     aig |
     |   1267 |  unico | cesarian |     175 |        . |    nao |     nao | masculin |    4650 | 40.1828 |
     |---------------------------------------------------------------------------------------------------|
     |                                              aescmae                                              |
     |                                                    3                                              |
     +---------------------------------------------------------------------------------------------------+

     +---------------------------------------------------------------------------------------------------+
  2. | numero | aparto |  apartip | aaltmae | anumfilh | afumou | abebalc | sexonovo | apesorn |     aig |
     |   1268 |  unico |   normal |     165 |        . |    nao |     sim | masculin |    3720 | 38.5976 |
     |---------------------------------------------------------------------------------------------------|
     |                                              aescmae                                              |
     |                                                    8                                              |
     +---------------------------------------------------------------------------------------------------+

     +---------------------------------------------------------------------------------------------------+
  3. | numero | aparto |  apartip | aaltmae | anumfilh | afumou | abebalc | sexonovo | apesorn |     aig |
     |   1269 |  unico | cesarian |     153 |        2 |    nao |     nao | feminino |    2830 |  37.805 |
     |---------------------------------------------------------------------------------------------------|
     |                                              aescmae                                              |
     |                                                    4                                              |
     +---------------------------------------------------------------------------------------------------+

     +---------------------------------------------------------------------------------------------------+
  4. | numero | aparto |  apartip | aaltmae | anumfilh | afumou | abebalc | sexonovo | apesorn |     aig |
     |   1270 |  unico | cesarian |     162 |        2 |    nao |     nao | feminino |    3800 | 38.3334 |
     |---------------------------------------------------------------------------------------------------|
     |                                              aescmae                                              |
     |                                                    2                                              |
     +---------------------------------------------------------------------------------------------------+

     +---------------------------------------------------------------------------------------------------+
  5. | numero | aparto |  apartip | aaltmae | anumfilh | afumou | abebalc | sexonovo | apesorn |     aig |
     |   1271 |  unico |   normal |       . |        1 |    nao |     nao | masculin |    3060 |  39.126 |
     |---------------------------------------------------------------------------------------------------|
     |                                              aescmae                                              |
     |                                                    5                                              |
     +---------------------------------------------------------------------------------------------------+

     +---------------------------------------------------------------------------------------------------+
  6. | numero | aparto |  apartip | aaltmae | anumfilh | afumou | abebalc | sexonovo | apesorn |     aig |
     |   1272 |  unico | cesarian |     160 |        0 |    nao |     nao | feminino |    2640 | 38.8618 |
     |---------------------------------------------------------------------------------------------------|
     |                                              aescmae                                              |
     |                                                    6                                              |
     +---------------------------------------------------------------------------------------------------+

     +---------------------------------------------------------------------------------------------------+
  7. | numero | aparto |  apartip | aaltmae | anumfilh | afumou | abebalc | sexonovo | apesorn |     aig |
     |   1273 |  unico | cesarian |     171 |        1 |    sim |     nao | feminino |    2490 |  37.805 |
     |---------------------------------------------------------------------------------------------------|
     |                                              aescmae                                              |
     |                                                    5                                              |
     +---------------------------------------------------------------------------------------------------+

     +---------------------------------------------------------------------------------------------------+
  8. | numero | aparto |  apartip | aaltmae | anumfilh | afumou | abebalc | sexonovo | apesorn |     aig |
     |   1274 |  unico | cesarian |     154 |        2 |    sim |     nao | feminino |    3450 | 38.5976 |
     |---------------------------------------------------------------------------------------------------|
     |                                              aescmae                                              |
     |                                                    8                                              |
     +---------------------------------------------------------------------------------------------------+

     +---------------------------------------------------------------------------------------------------+
  9. | numero | aparto |  apartip | aaltmae | anumfilh | afumou | abebalc | sexonovo | apesorn |     aig |
     |   1275 |  unico | cesarian |     155 |        . |    nao |     nao | masculin |    1980 |  35.163 |
     |---------------------------------------------------------------------------------------------------|
     |                                              aescmae                                              |
     |                                                    2                                              |
     +---------------------------------------------------------------------------------------------------+

     +---------------------------------------------------------------------------------------------------+
 10. | numero | aparto |  apartip | aaltmae | anumfilh | afumou | abebalc | sexonovo | apesorn |     aig |
     |   1276 |  unico |   normal |     166 |        3 |    nao |     nao | feminino |    3430 | 38.8618 |
     |---------------------------------------------------------------------------------------------------|
     |                                              aescmae                                              |
     |                                                    4                                              |
     +---------------------------------------------------------------------------------------------------+

     +---------------------------------------------------------------------------------------------------+
 11. | numero | aparto |  apartip | aaltmae | anumfilh | afumou | abebalc | sexonovo | apesorn |     aig |
     |   1277 |  unico |   normal |     157 |        1 |    nao |     nao | masculin |    4050 |  37.805 |
     |---------------------------------------------------------------------------------------------------|
     |                                              aescmae                                              |
     |                                                    4                                              |
     +---------------------------------------------------------------------------------------------------+

     +---------------------------------------------------------------------------------------------------+
 12. | numero | aparto |  apartip | aaltmae | anumfilh | afumou | abebalc | sexonovo | apesorn |     aig |
     |   1278 |  unico |   normal |     158 |        . |    sim |     nao | masculin |    2560 | 34.1062 |
     |---------------------------------------------------------------------------------------------------|
     |                                              aescmae                                              |
     |                                                    6                                              |
     +---------------------------------------------------------------------------------------------------+

     +---------------------------------------------------------------------------------------------------+
 13. | numero | aparto |  apartip | aaltmae | anumfilh | afumou | abebalc | sexonovo | apesorn |     aig |
     |   1280 |  unico |   normal |     151 |        . |    nao |     nao | masculin |    3210 | 38.8618 |
     |---------------------------------------------------------------------------------------------------|
     |                                              aescmae                                              |
     |                                                   11                                              |
     +---------------------------------------------------------------------------------------------------+

     +---------------------------------------------------------------------------------------------------+
 14. | numero | aparto |  apartip | aaltmae | anumfilh | afumou | abebalc | sexonovo | apesorn |     aig |
     |   1281 |  unico |   normal |     158 |        1 |    nao |     nao | feminino |    3030 | 39.3902 |
     |---------------------------------------------------------------------------------------------------|
     |                                              aescmae                                              |
     |                                                    4                                              |
     +---------------------------------------------------------------------------------------------------+

     +---------------------------------------------------------------------------------------------------+
 15. | numero | aparto |  apartip | aaltmae | anumfilh | afumou | abebalc | sexonovo | apesorn |     aig |
     |   1282 |  unico |   normal |     163 |        1 |    sim |     nao | feminino |    3150 | 40.7112 |
     |---------------------------------------------------------------------------------------------------|
     |                                              aescmae                                              |
     |                                                    9                                              |
     +---------------------------------------------------------------------------------------------------+

     +---------------------------------------------------------------------------------------------------+
 16. | numero | aparto |  apartip | aaltmae | anumfilh | afumou | abebalc | sexonovo | apesorn |     aig |
     |   1284 |  unico |   normal |     166 |        . |    nao |     nao | masculin |    2680 | 37.5408 |
     |---------------------------------------------------------------------------------------------------|
     |                                              aescmae                                              |
     |                                                    5                                              |
     +---------------------------------------------------------------------------------------------------+

     +---------------------------------------------------------------------------------------------------+
 17. | numero | aparto |  apartip | aaltmae | anumfilh | afumou | abebalc | sexonovo | apesorn |     aig |
     |   1285 |  unico |   normal |     160 |        . |    nao |     nao | feminino |    2000 | 40.1828 |
     |---------------------------------------------------------------------------------------------------|
     |                                              aescmae                                              |
     |                                                    2                                              |
     +---------------------------------------------------------------------------------------------------+

     +---------------------------------------------------------------------------------------------------+
 18. | numero | aparto |  apartip | aaltmae | anumfilh | afumou | abebalc | sexonovo | apesorn |     aig |
     |   1288 |  unico |   normal |     160 |        1 |    nao |     nao | masculin |    2160 |  33.842 |
     |---------------------------------------------------------------------------------------------------|
     |                                              aescmae                                              |
     |                                                    5                                              |
     +---------------------------------------------------------------------------------------------------+

     +---------------------------------------------------------------------------------------------------+
 19. | numero | aparto |  apartip | aaltmae | anumfilh | afumou | abebalc | sexonovo | apesorn |     aig |
     |   1292 |  unico |   normal |     151 |        1 |    nao |     nao | masculin |    2850 | 39.3902 |
     |---------------------------------------------------------------------------------------------------|
     |                                              aescmae                                              |
     |                                                    4                                              |
     +---------------------------------------------------------------------------------------------------+

     +---------------------------------------------------------------------------------------------------+
 20. | numero | aparto |  apartip | aaltmae | anumfilh | afumou | abebalc | sexonovo | apesorn |     aig |
     |   1293 |  unico |   normal |     162 |        1 |    sim |     nao | feminino |    2450 | 37.2766 |
     |---------------------------------------------------------------------------------------------------|
     |                                              aescmae                                              |
     |                                                    5                                              |
     +---------------------------------------------------------------------------------------------------+

. help display

. display


. br

. list if sexonovo = 1
=exp not allowed
r(101);

. list if sexonovo ==1

     +---------------------------------------------------------------------------------------------------+
  1. | numero | aparto |  apartip | aaltmae | anumfilh | afumou | abebalc | sexonovo | apesorn |     aig |
     |   1267 |  unico | cesarian |     175 |        . |    nao |     nao | masculin |    4650 | 40.1828 |
     |---------------------------------------------------------------------------------------------------|
     |                                              aescmae                                              |
     |                                                    3                                              |
     +---------------------------------------------------------------------------------------------------+

     +---------------------------------------------------------------------------------------------------+
  2. | numero | aparto |  apartip | aaltmae | anumfilh | afumou | abebalc | sexonovo | apesorn |     aig |
     |   1268 |  unico |   normal |     165 |        . |    nao |     sim | masculin |    3720 | 38.5976 |
     |---------------------------------------------------------------------------------------------------|
     |                                              aescmae                                              |
     |                                                    8                                              |
     +---------------------------------------------------------------------------------------------------+

     +---------------------------------------------------------------------------------------------------+
  5. | numero | aparto |  apartip | aaltmae | anumfilh | afumou | abebalc | sexonovo | apesorn |     aig |
     |   1271 |  unico |   normal |       . |        1 |    nao |     nao | masculin |    3060 |  39.126 |
     |---------------------------------------------------------------------------------------------------|
     |                                              aescmae                                              |
     |                                                    5                                              |
     +---------------------------------------------------------------------------------------------------+

     +---------------------------------------------------------------------------------------------------+
  9. | numero | aparto |  apartip | aaltmae | anumfilh | afumou | abebalc | sexonovo | apesorn |     aig |
     |   1275 |  unico | cesarian |     155 |        . |    nao |     nao | masculin |    1980 |  35.163 |
     |---------------------------------------------------------------------------------------------------|
     |                                              aescmae                                              |
     |                                                    2                                              |
     +---------------------------------------------------------------------------------------------------+

     +---------------------------------------------------------------------------------------------------+
 11. | numero | aparto |  apartip | aaltmae | anumfilh | afumou | abebalc | sexonovo | apesorn |     aig |
     |   1277 |  unico |   normal |     157 |        1 |    nao |     nao | masculin |    4050 |  37.805 |
     |---------------------------------------------------------------------------------------------------|
     |                                              aescmae                                              |
     |                                                    4                                              |
     +---------------------------------------------------------------------------------------------------+

     +---------------------------------------------------------------------------------------------------+
 12. | numero | aparto |  apartip | aaltmae | anumfilh | afumou | abebalc | sexonovo | apesorn |     aig |
     |   1278 |  unico |   normal |     158 |        . |    sim |     nao | masculin |    2560 | 34.1062 |
     |---------------------------------------------------------------------------------------------------|
     |                                              aescmae                                              |
     |                                                    6                                              |
     +---------------------------------------------------------------------------------------------------+

     +---------------------------------------------------------------------------------------------------+
 13. | numero | aparto |  apartip | aaltmae | anumfilh | afumou | abebalc | sexonovo | apesorn |     aig |
     |   1280 |  unico |   normal |     151 |        . |    nao |     nao | masculin |    3210 | 38.8618 |
     |---------------------------------------------------------------------------------------------------|
     |                                              aescmae                                              |
     |                                                   11                                              |
     +---------------------------------------------------------------------------------------------------+

     +---------------------------------------------------------------------------------------------------+
 16. | numero | aparto |  apartip | aaltmae | anumfilh | afumou | abebalc | sexonovo | apesorn |     aig |
     |   1284 |  unico |   normal |     166 |        . |    nao |     nao | masculin |    2680 | 37.5408 |
     |---------------------------------------------------------------------------------------------------|
     |                                              aescmae                                              |
     |                                                    5                                              |
     +---------------------------------------------------------------------------------------------------+

     +---------------------------------------------------------------------------------------------------+
 18. | numero | aparto |  apartip | aaltmae | anumfilh | afumou | abebalc | sexonovo | apesorn |     aig |
     |   1288 |  unico |   normal |     160 |        1 |    nao |     nao | masculin |    2160 |  33.842 |
     |---------------------------------------------------------------------------------------------------|
     |                                              aescmae                                              |
     |                                                    5                                              |
     +---------------------------------------------------------------------------------------------------+

     +---------------------------------------------------------------------------------------------------+
 19. | numero | aparto |  apartip | aaltmae | anumfilh | afumou | abebalc | sexonovo | apesorn |     aig |
     |   1292 |  unico |   normal |     151 |        1 |    nao |     nao | masculin |    2850 | 39.3902 |
     |---------------------------------------------------------------------------------------------------|
     |                                              aescmae                                              |
     |                                                    4                                              |
     +---------------------------------------------------------------------------------------------------+

. count
  20

. help count

. count if sexonovo ==1
  10

. codebook aescmae

---------------------------------------------------------------------------------------------------------------
aescmae                                                                            escolaridade materna em anos
---------------------------------------------------------------------------------------------------------------

                  Type: Numeric (byte)

                 Range: [2,11]                        Units: 1
         Unique values: 8                         Missing .: 0/20

            Tabulation: Freq.  Value
                            3  2
                            1  3
                            5  4
                            5  5
                            2  6
                            2  8
                            1  9
                            1  11

. count if aescmae >= 8
  4

. codebook apesorn

---------------------------------------------------------------------------------------------------------------
apesorn                                                                                          peso ao nascer
---------------------------------------------------------------------------------------------------------------

                  Type: Numeric (int)

                 Range: [1980,4650]                   Units: 10
         Unique values: 20                        Missing .: 0/20

                  Mean:  3009.5
             Std. dev.: 696.823

           Percentiles:     10%       25%       50%       75%       90%
                           2080      2525      2940      3440      3925

. count if apesorn < 2500
  5

. codebook afumou

---------------------------------------------------------------------------------------------------------------
afumou                                                                                        fumou na gravidez
---------------------------------------------------------------------------------------------------------------

                  Type: Numeric (byte)
                 Label: afumou

                 Range: [0,1]                         Units: 1
         Unique values: 2                         Missing .: 0/20

            Tabulation: Freq.   Numeric  Label
                           15         0  nao
                            5         1  sim

. count afumou if ==1
varlist not allowed
r(101);

. count afumou if =1
varlist not allowed
r(101);

. count afumou if = "1"
varlist not allowed
r(101);

. help count

. count if apesorn = "sim"
=exp not allowed
r(101);

. count if apesorn == "sim"
type mismatch
r(109);

. count apesorn if = 1
varlist not allowed
r(101);

. count if apesorn == 1
  0

. tab aperson
variable aperson not found
r(111);

. tab apesorn

    peso ao |
     nascer |      Freq.     Percent        Cum.
------------+-----------------------------------
       1980 |          1        5.00        5.00
       2000 |          1        5.00       10.00
       2160 |          1        5.00       15.00
       2450 |          1        5.00       20.00
       2490 |          1        5.00       25.00
       2560 |          1        5.00       30.00
       2640 |          1        5.00       35.00
       2680 |          1        5.00       40.00
       2830 |          1        5.00       45.00
       2850 |          1        5.00       50.00
       3030 |          1        5.00       55.00
       3060 |          1        5.00       60.00
       3150 |          1        5.00       65.00
       3210 |          1        5.00       70.00
       3430 |          1        5.00       75.00
       3450 |          1        5.00       80.00
       3720 |          1        5.00       85.00
       3800 |          1        5.00       90.00
       4050 |          1        5.00       95.00
       4650 |          1        5.00      100.00
------------+-----------------------------------
      Total |         20      100.00

. count if afumou == 1
  5

. display numero
1267

. display aparto
1

. help display

. count aparto
varlist not allowed
r(101);

. count
  20

. help count

. br

. count apesorn if >2000
varlist not allowed
r(101);

. count if apesorn >2000
  18

. log close
      name:  <unnamed>
       log:  C:\Users\lauri\Documents\stata\novaprt1.log
  log type:  text
 closed on:   9 Apr 2025, 23:34:46
---------------------------------------------------------------------------------------------------------------
